[whatsdetect.org/nf-ggads/indexf74a.html]
[backblue.gif]
[fade.gif]
[index.html]
[whatsdetect.org/nf-ggads/assets/style.min.css]
[whatsdetect.org/nf-ggads/assets/theme.min.css]
[whatsdetect.org/nf-ggads/assets/header-footer.min.css]
[whatsdetect.org/nf-ggads/assets/frontend-lite.min.css]
[whatsdetect.org/nf-ggads/assets/post-6.css]
[whatsdetect.org/nf-ggads/assets/general.min.css]
[whatsdetect.org/nf-ggads/assets/eael-92.css]
[whatsdetect.org/nf-ggads/assets/swiper.min.css]
[whatsdetect.org/nf-ggads/assets/all.min.css]
[whatsdetect.org/nf-ggads/assets/v4-shims.min.css]
[whatsdetect.org/nf-ggads/assets/global.css]
[whatsdetect.org/nf-ggads/assets/post-92.css]
[whatsdetect.org/nf-ggads/assets/font-awesome.min.css]
[code.jquery.com/jquery-3.7.1.min.js]
[whatsdetect.org/nf-ggads/assets/v4-shims.min.js]
[whatsdetect.org/nf-ggads/assets/img-1.webp]
[www.w3.org/2000/svg.html]
[whatsdetect.org/nf-ggads/assets/img2.webp]
[whatsdetect.org/nf-ggads/assets/ssl-secure-3.webp]
[ipinfo.io/json.json]
[whatsdetect.org/nf-ggads/assets/hello-frontend.min.js]
[whatsdetect.org/nf-ggads/assets/frontend-modules.min.js]
[whatsdetect.org/nf-ggads/assets/frontend.min.js]
[whatsdetect.org/nf-ggads/assets/elements-handlers.min.js]
[whatsdetect.org/nf-ggads/analise-pausada.html]
[whatsdetect.org/nf-ggads/indexf74a.html]
[whatsdetect.org/nf-ggads/assets/style.min.css]
[whatsdetect.org/nf-ggads/assets/theme.min.css]
[whatsdetect.org/nf-ggads/assets/header-footer.min.css]
[whatsdetect.org/nf-ggads/assets/frontend-lite.min.css]
[whatsdetect.org/nf-ggads/assets/post-6.css]
[whatsdetect.org/nf-ggads/assets/general.min.css]
[whatsdetect.org/nf-ggads/assets/eael-92.css]
[whatsdetect.org/nf-ggads/assets/swiper.min.css]
[cdn.utmify.com.br/scripts/pixel/pixel.js]
[whatsdetect.org/nf-ggads/assets/webfonts/fa-brands-400.eot]
[whatsdetect.org/nf-ggads/assets/webfonts/fa-brands-400.woff]
[whatsdetect.org/nf-ggads/assets/webfonts/fa-brands-400.ttf]
[whatsdetect.org/nf-ggads/assets/webfonts/fa-brands-400.svg]
[whatsdetect.org/nf-ggads/assets/webfonts/fa-regular-400.eot]
[whatsdetect.org/nf-ggads/assets/webfonts/fa-regular-400.woff]
[whatsdetect.org/nf-ggads/assets/webfonts/fa-regular-400.ttf]
[whatsdetect.org/nf-ggads/assets/webfonts/fa-regular-400.svg]
[whatsdetect.org/nf-ggads/assets/webfonts/fa-solid-900.eot]
[whatsdetect.org/nf-ggads/assets/webfonts/fa-solid-900.woff]
[whatsdetect.org/nf-ggads/assets/webfonts/fa-solid-900.ttf]
[whatsdetect.org/nf-ggads/assets/webfonts/fa-solid-900.svg]
[whatsdetect.org/nf-ggads/assets/all.min.css]
[whatsdetect.org/nf-ggads/assets/v4-shims.min.css]
[whatsdetect.org/nf-ggads/assets/global.css]
[whatsdetect.org/nf-ggads/assets/bg.webp]
[whatsdetect.org/nf-ggads/assets/post-92.css]
[whatsdetect.org/nf-ggads/fonts/fontawesome-webfont.eot]
[whatsdetect.org/nf-ggads/fonts/fontawesome-webfont.woff]
[whatsdetect.org/nf-ggads/fonts/fontawesome-webfont.ttf]
[whatsdetect.org/nf-ggads/fonts/fontawesome-webfont.svg]
[whatsdetect.org/nf-ggads/assets/font-awesome.min.css]
[www.w3.org/2000/svg.html]
[whatsdetect.org/nf-ggads/assets/back-passo1.webp]
[whatsdetect.org/nf-ggads/analise-pausada.html]
[whatsdetect.org/nf-ggads/assets/webfonts/fa-brands-400.html]
[whatsdetect.org/nf-ggads/assets/webfonts/fa-brands-401.html]
[whatsdetect.org/nf-ggads/assets/webfonts/fa-brands-402.html]
[whatsdetect.org/nf-ggads/assets/webfonts/fa-brands-403.html]
[whatsdetect.org/nf-ggads/assets/webfonts/fa-regular-400.html]
[whatsdetect.org/nf-ggads/assets/webfonts/fa-regular-401.html]
[whatsdetect.org/nf-ggads/assets/webfonts/fa-regular-402.html]
[whatsdetect.org/nf-ggads/assets/webfonts/fa-regular-403.html]
[whatsdetect.org/nf-ggads/assets/webfonts/fa-solid-900.html]
[whatsdetect.org/nf-ggads/assets/webfonts/fa-solid-901.html]
[whatsdetect.org/nf-ggads/fonts/fontawesome-webfont.html]
[whatsdetect.org/nf-ggads/fonts/fontawesome-webfont-2.html]
[whatsdetect.org/nf-ggads/fonts/fontawesome-webfont-3.html]
[whatsdetect.org/nf-ggads/fonts/fontawesome-webfont-4.html]
[whatsdetect.org/nf-ggads/etapa-2.html]
[whatsdetect.org/nf-ggads/assets/eael-135.css]
[whatsdetect.org/nf-ggads/assets/post-135.css]
[whatsdetect.org/nf-ggads/assets/loading.gif]
[whatsdetect.org/nf-ggads/concluido.html]
[whatsdetect.org/nf-ggads/assets/ssl-secure-3-1.webp]
[whatsdetect.org/nf-ggads/assets/general.min.js]
[whatsdetect.org/nf-ggads/assets/happy-addons.min.js]
[whatsdetect.org/nf-ggads/assets/jquery-numerator.min.js]
[whatsdetect.org/nf-ggads/assets/webpack-pro.runtime.min.js]
[whatsdetect.org/nf-ggads/assets/webpack.runtime.min.js]
[whatsdetect.org/nf-ggads/assets/waypoints.min.js]
[whatsdetect.org/nf-ggads/assets/core.min.js]
[cdn.jsdelivr.net/npm/bootstrap@5.1.3/dist/css/bootstrap.min.css]
[whatsdetect.org/nf-ggads/assets/user.jpg]
[whatsdetect.org/nf-ggads/etapa-2.html]
[whatsdetect.org/nf-ggads/assets/eael-135.css]
[whatsdetect.org/nf-ggads/assets/post-135.css]
[whatsdetect.org/nf-ggads/assets/concluido/materialdesignicons.min.css]
[whatsdetect.org/nf-ggads/assets/concluido/perfect-scrollbar.css]
[whatsdetect.org/nf-ggads/assets/concluido/owl.carousel.css]
[whatsdetect.org/nf-ggads/assets/concluido/bootstrap.min.css]
[whatsdetect.org/nf-ggads/assets/concluido/cors.css]
[whatsdetect.org/nf-ggads/assets/concluido/apps.css]
[whatsdetect.org/nf-ggads/assets/concluido/client-13.png]
[whatsdetect.org/nf-ggads/assets/concluido/tick-read.svg]
[whatsdetect.org/nf-ggads/assets/concluido/img1.jpg]
[whatsdetect.org/nf-ggads/assets/concluido/tick-delivered.svg]
[whatsdetect.org/nf-ggads/assets/concluido/alerta.gif]
[whatsdetect.org/nf-ggads/assets/concluido/andrea.png]
[whatsdetect.org/nf-ggads/assets/concluido/tick-send.svg]
[whatsdetect.org/nf-ggads/assets/concluido/client-2.png]
[whatsdetect.org/nf-ggads/assets/concluido/12.jpg]
[whatsdetect.org/nf-ggads/assets/concluido/jenny.png]
[whatsdetect.org/nf-ggads/assets/concluido/collin.png]
[whatsdetect.org/nf-ggads/assets/concluido/client-16.png]
[whatsdetect.org/nf-ggads/assets/concluido/01.jpg]
[whatsdetect.org/nf-ggads/assets/concluido/02.jpg]
[whatsdetect.org/nf-ggads/assets/concluido/03.jpg]
[whatsdetect.org/nf-ggads/assets/concluido/04.jpg]
[whatsdetect.org/nf-ggads/assets/concluido/05.jpg]
[whatsdetect.org/nf-ggads/assets/concluido/06.jpg]
[whatsdetect.org/nf-ggads/assets/concluido/friends.jpg]
[whatsdetect.org/nf-ggads/assets/concluido/pdf.svg]
[whatsdetect.org/nf-ggads/assets/concluido/word.svg]
[whatsdetect.org/nf-ggads/assets/concluido/excel.svg]
[whatsdetect.org/nf-ggads/assets/concluido/powerpoint.svg]
[whatsdetect.org/nf-ggads/assets/concluido/05_1.jpg]
[whatsdetect.org/nf-ggads/assets/concluido/call-01.jpg]
[whatsdetect.org/nf-ggads/assets/concluido/call-02.jpg]
[whatsdetect.org/nf-ggads/assets/concluido/07.jpg]
[whatsdetect.org/nf-ggads/assets/concluido/jquery-3.4.1.min.js]
[whatsdetect.org/nf-ggads/assets/concluido/bootstrap.bundle.min.js]
[whatsdetect.org/nf-ggads/assets/concluido/mfb.min.js]
[whatsdetect.org/nf-ggads/assets/concluido/perfect-scrollbar.min.js]
[whatsdetect.org/nf-ggads/assets/concluido/owl.carousel.min.js]
[whatsdetect.org/nf-ggads/concluido.html]
[cdn.jsdelivr.net/npm/bootstrap@5.1.3/dist/css/bootstrap.min.css]
[whatsdetect.org/nf-ggads/assets/concluido/app.js]
[whatsdetect.org/nf-ggads/assets/concluido/materialdesignicons-webfont2f9b2f9b.eot]
[whatsdetect.org/nf-ggads/assets/concluido/materialdesignicons-webfontd41dd41d.eot]
[whatsdetect.org/nf-ggads/assets/concluido/materialdesignicons-webfont2f9b.woff2]
[whatsdetect.org/nf-ggads/assets/concluido/materialdesignicons-webfont2f9b2f9b.woff]
[whatsdetect.org/nf-ggads/assets/concluido/materialdesignicons-webfont2f9b2f9b.ttf]
[whatsdetect.org/nf-ggads/assets/concluido/materialdesignicons.min.css]
[whatsdetect.org/nf-ggads/assets/concluido/perfect-scrollbar.css]
[whatsdetect.org/nf-ggads/assets/concluido/owl.carousel.css]
[whatsdetect.org/nf-ggads/assets/concluido/bootstrap.min.css]
[whatsdetect.org/nf-ggads/assets/concluido/cors.css]
[espiaoinvisivel.com/v5/concluido/assets/images/bg/login-1.68.delayed]
[espiaoinvisivel.com/v5/concluido/assets/images/bg/login-2.jpg]
[espiaoinvisivel.com/v5/concluido/assets/images/bg/login-3.jpg]
[whatsdetect.org/nf-ggads/assets/concluido/apps.css]
[whatsdetect.org/nf-ggads/assets/concluido/tick-read.svg]
[whatsdetect.org/nf-ggads/assets/concluido/tick-delivered.svg]
[whatsdetect.org/nf-ggads/assets/concluido/tick-send.svg]
[whatsdetect.org/nf-ggads/assets/concluido/pdf.svg]
[whatsdetect.org/nf-ggads/assets/concluido/word.svg]
[whatsdetect.org/nf-ggads/assets/concluido/excel.svg]
[whatsdetect.org/nf-ggads/assets/concluido/powerpoint.svg]
[whatsdetect.org/nf-ggads/assets/concluido/07.html]
[whatsdetect.org/nf-ggads/assets/concluido/materialdesignicons-webfont2f9b2f9b.html]
[whatsdetect.org/nf-ggads/assets/concluido/materialdesignicons-webfontd41dd41d.html]
[whatsdetect.org/nf-ggads/assets/concluido/materialdesignicons-webfont2f9b2f9b-2.html]
[whatsdetect.org/nf-ggads/assets/concluido/materialdesignicons-webfont2f9b2f9b-3.html]
[espiaoinvisivel.com/v5/concluido/assets/images/bg/login-1.html]
[espiaoinvisivel.com/v5/concluido/assets/images/bg/login-2.html]
[espiaoinvisivel.com/v5/concluido/assets/images/bg/login-3.html]
